AR key2ascii behavioral "D:/Designs/DCSE/FPGA Prototyping/PS2_Keyboard/Verificacion/key2ascii.vhd" sub00/vhpl16 1250913901
AR fifo behavioral "D:/Designs/DCSE/FPGA Prototyping/PS2_Keyboard/Verificacion/fifo.vhd" sub00/vhpl03 1250913891
AR mod_m_counter behavioral "D:/Designs/DCSE/FPGA Prototyping/PS2_Keyboard/Verificacion/mod_m_counter.vhd" sub00/vhpl07 1250913887
EN ps2_rx NULL "D:/Designs/DCSE/FPGA Prototyping/PS2_Keyboard/Verificacion/ps2_rx.vhd" sub00/vhpl00 1250913894
AR uart_tx behavioral "D:/Designs/DCSE/FPGA Prototyping/PS2_Keyboard/Verificacion/uart_tx.vhd" sub00/vhpl11 1250913893
EN key2ascii NULL "D:/Designs/DCSE/FPGA Prototyping/PS2_Keyboard/Verificacion/key2ascii.vhd" sub00/vhpl15 1250913900
AR ps2_rx behavioral "D:/Designs/DCSE/FPGA Prototyping/PS2_Keyboard/Verificacion/ps2_rx.vhd" sub00/vhpl01 1250913895
EN kb_code NULL "D:/Designs/DCSE/FPGA Prototyping/PS2_Keyboard/Verificacion/kb_code.vhd" sub00/vhpl04 1250913896
AR uart_rx behavioral "D:/Designs/DCSE/FPGA Prototyping/PS2_Keyboard/Verificacion/uart_rx.vhd" sub00/vhpl09 1250913889
AR kb_code behavioral "D:/Designs/DCSE/FPGA Prototyping/PS2_Keyboard/Verificacion/kb_code.vhd" sub00/vhpl05 1250913897
AR kb_test behavioral "D:/Designs/DCSE/FPGA Prototyping/PS2_Keyboard/Verificacion/kb_test.vhd" sub00/vhpl17 1250913903
AR uart behavioral "D:/Designs/DCSE/FPGA Prototyping/PS2_Keyboard/Verificacion/uart.vhd" sub00/vhpl13 1250913899
EN kb_test NULL "D:/Designs/DCSE/FPGA Prototyping/PS2_Keyboard/Verificacion/kb_test.vhd" sub00/vhpl14 1250913902
EN fifo NULL "D:/Designs/DCSE/FPGA Prototyping/PS2_Keyboard/Verificacion/fifo.vhd" sub00/vhpl02 1250913890
EN uart NULL "D:/Designs/DCSE/FPGA Prototyping/PS2_Keyboard/Verificacion/uart.vhd" sub00/vhpl12 1250913898
EN uart_rx NULL "D:/Designs/DCSE/FPGA Prototyping/PS2_Keyboard/Verificacion/uart_rx.vhd" sub00/vhpl08 1250913888
EN uart_tx NULL "D:/Designs/DCSE/FPGA Prototyping/PS2_Keyboard/Verificacion/uart_tx.vhd" sub00/vhpl10 1250913892
EN mod_m_counter NULL "D:/Designs/DCSE/FPGA Prototyping/PS2_Keyboard/Verificacion/mod_m_counter.vhd" sub00/vhpl06 1250913886
