--------------------------------------------------------------------------------
Release 10.1 Trace  (nt)
Copyright (c) 1995-2008 Xilinx, Inc.  All rights reserved.

C:\Xilinx\10.1\ISE\bin\nt\unwrapped\trce.exe -ise
D:/Desings/DCSE/LCD4BIT/LCD4BIT.ise -intstyle ise -e 3 -s 4 -xml ModuloLCD
ModuloLCD.ncd -o ModuloLCD.twr ModuloLCD.pcf -ucf ModuloLCD.ucf

Design file:              ModuloLCD.ncd
Physical constraint file: ModuloLCD.pcf
Device,package,speed:     xc3s700a,fg484,-4 (PRODUCTION 1.39 2008-01-09)
Report level:             error report

Environment Variable      Effect 
--------------------      ------ 
NONE                      No environment variables were set
--------------------------------------------------------------------------------

INFO:Timing:2698 - No timing constraints found, doing default enumeration.
INFO:Timing:2752 - To get complete path coverage, use the unconstrained paths 
   option. All paths that are not constrained will be reported in the 
   unconstrained paths section(s) of the report.
INFO:Timing:3339 - The clock-to-out numbers in this timing report are based on 
   a 50 Ohm transmission line loading model.  For the details of this model, 
   and for more information on accounting for different loading conditions, 
   please see the device datasheet.



Data Sheet report:
-----------------
All values displayed in nanoseconds (ns)

Setup/Hold to clock clk50
------------+------------+------------+------------------+--------+
            |  Setup to  |  Hold to   |                  | Clock  |
Source      | clk (edge) | clk (edge) |Internal Clock(s) | Phase  |
------------+------------+------------+------------------+--------+
pb_in<0>    |    4.221(R)|   -2.399(R)|clk640            |   0.000|
pb_in<1>    |    4.448(R)|   -2.580(R)|clk640            |   0.000|
------------+------------+------------+------------------+--------+

Clock clk50 to Pad
------------+------------+------------------+--------+
            | clk (edge) |                  | Clock  |
Destination |   to PAD   |Internal Clock(s) | Phase  |
------------+------------+------------------+--------+
lcd_e_out   |   30.936(R)|clk640            |   0.000|
leds_out<0> |   32.371(R)|clk640            |   0.000|
leds_out<1> |   32.326(R)|clk640            |   0.000|
leds_out<2> |   32.352(R)|clk640            |   0.000|
leds_out<3> |   32.324(R)|clk640            |   0.000|
leds_out<4> |   32.413(R)|clk640            |   0.000|
leds_out<5> |   32.646(R)|clk640            |   0.000|
------------+------------+------------------+--------+

Clock to Setup on destination clock clk50
---------------+---------+---------+---------+---------+
               | Src:Rise| Src:Fall| Src:Rise| Src:Fall|
Source Clock   |Dest:Rise|Dest:Rise|Dest:Fall|Dest:Fall|
---------------+---------+---------+---------+---------+
clk50          |    5.418|         |         |         |
---------------+---------+---------+---------+---------+


Analysis completed Sat Feb 07 18:32:04 2009 
--------------------------------------------------------------------------------

Trace Settings:
-------------------------
Trace Settings 

Peak Memory Usage: 122 MB



