AR key2ascii behavioral D:/Designs/DCSE/LCD_Spartan3E/key2ascii.vhd sub00/vhpl21 1252426135
AR fifo behavioral D:/Designs/DCSE/LCD_Spartan3E/fifo.vhd sub00/vhpl11 1252426125
AR mod_m_counter behavioral D:/Designs/DCSE/LCD_Spartan3E/mod_m_counter.vhd sub00/vhpl07 1252426121
AR control_interfaz behavioral D:/Designs/DCSE/LCD_Spartan3E/Control_interfaz.vhd sub00/vhpl03 1252426139
EN ps2_rx NULL D:/Designs/DCSE/LCD_Spartan3E/ps2_rx.vhd sub00/vhpl14 1252426128
AR uart_tx behavioral D:/Designs/DCSE/LCD_Spartan3E/uart_tx.vhd sub00/vhpl13 1252426127
EN debounce NULL D:/Designs/DCSE/LCD_Spartan3E/debounce.vhd sub00/vhpl00 1252426136
EN key2ascii NULL D:/Designs/DCSE/LCD_Spartan3E/key2ascii.vhd sub00/vhpl20 1252426134
EN modulo3 NULL D:/Designs/DCSE/LCD_Spartan3E/Modulo3.vhd sub00/vhpl24 1252426144
EN lcd_control NULL D:/Designs/DCSE/LCD_Spartan3E/LCD_Control.vhd sub00/vhpl04 1252426140
AR ps2_rx behavioral D:/Designs/DCSE/LCD_Spartan3E/ps2_rx.vhd sub00/vhpl15 1252426129
EN kb_code NULL D:/Designs/DCSE/LCD_Spartan3E/kb_code.vhd sub00/vhpl16 1252426130
AR modulo3 behavioral D:/Designs/DCSE/LCD_Spartan3E/Modulo3.vhd sub00/vhpl25 1252426145
AR uart_rx behavioral D:/Designs/DCSE/LCD_Spartan3E/uart_rx.vhd sub00/vhpl09 1252426123
EN control_interfaz NULL D:/Designs/DCSE/LCD_Spartan3E/Control_interfaz.vhd sub00/vhpl02 1252426138
AR kb_code behavioral D:/Designs/DCSE/LCD_Spartan3E/kb_code.vhd sub00/vhpl17 1252426131
AR kb_test behavioral D:/Designs/DCSE/LCD_Spartan3E/kb_test.vhd sub00/vhpl23 1252426143
AR uart behavioral D:/Designs/DCSE/LCD_Spartan3E/uart.vhd sub00/vhpl19 1252426133
EN kb_test NULL D:/Designs/DCSE/LCD_Spartan3E/kb_test.vhd sub00/vhpl22 1252426142
AR debounce imp_fsmd_arch D:/Designs/DCSE/LCD_Spartan3E/debounce.vhd sub00/vhpl01 1252426137
EN fifo NULL D:/Designs/DCSE/LCD_Spartan3E/fifo.vhd sub00/vhpl10 1252426124
EN uart NULL D:/Designs/DCSE/LCD_Spartan3E/uart.vhd sub00/vhpl18 1252426132
AR lcd_control behavioral D:/Designs/DCSE/LCD_Spartan3E/LCD_Control.vhd sub00/vhpl05 1252426141
EN uart_rx NULL D:/Designs/DCSE/LCD_Spartan3E/uart_rx.vhd sub00/vhpl08 1252426122
EN uart_tx NULL D:/Designs/DCSE/LCD_Spartan3E/uart_tx.vhd sub00/vhpl12 1252426126
EN mod_m_counter NULL D:/Designs/DCSE/LCD_Spartan3E/mod_m_counter.vhd sub00/vhpl06 1252426120
